   1:				; business_ldos6.asm
   2:				;   The TRS-80 lets the user know it supports business TRS-80s
   3:				; Reference doc:
   4:				;   The Programmer's Guide to TRSDOS Version 6 (also LDOS Version 6)
   5:				;
   6:				; zmac hello_ldos6.asm
   7:				; trs80gp -m2 -ld zout/business_ldos6.cmd
   8:				; trs80gp -m12 -ld zout/business_ldos6.cmd
   9:				; trs80gp -m16 -ld zout/business_ldos6.cmd
  10:				; trs80gp -m4 -ld zout/business_ldos6.cmd
  11:     -	7000          	  org $7000
  12:				
  13:     -	000A          	@DSPLY	equ	10 ; pg 7-19
  14:     -	0016          	@EXIT	equ	22 ; pg 7-19
  15:				
  16:     -	000D          	ENTER	equ	$0d ; @DSPLY with newline
  17:				
  18:     -	7000  48656C6C	text	defb	'Hello, Business TRS-80 World!',ENTER
	              6F2C2042
	              7573696E
	              65737320
	              5452532D
	              38302057
	              6F726C64
	              210D
  19:				
  20:     -	701E          	main:
  21:    0+10	701E  210070  	  ld hl,text
  22:   10+7	7021  3E0A    	  ld a,@DSPLY
  23:   17+11	7023  EF      	  rst 40
  24:				
  25:   28+10	7024  210000  	  ld hl,0 ; Normal termination
  26:   38+7	7027  3E16    	  ld a,@EXIT
  27:   45+11	7029  EF      	  rst 40
  28:				
  29:     -	701E          	  end main



Statistics:

     3	passes
     0	jr promotions
     5	symbols
    42	bytes



Symbol Table:

@DSPLY         =0A        10
@EXIT          =16        22
ENTER          =0D        13
main            701E      28702
text            7000      28672
