   1:				; name.asm
   2:				;   Ask for name and say hello (no LDOS)
   3:				;
   4:				; zmac name.asm
   5:				; trs80gp -b main zout/name.bds
   6:     -	5200          	  org $5200
   7:				
   8:     -	3C00          	video   equ $3c00  ; video memory
   9:     -	3800          	kbdport equ $3800  ; keyboard port base
  10:				
  11:     -	5200          	main:
  12:				  ; Clear screen with spaces
  13:    0+10	5200  21003C  	  ld hl,video
  14:   10+10	5203  010004  	  ld bc,1024
  15:   20+7	5206  3E20    	  ld a,$20       ; space with bit 7 clear
  16:     -	5208          	clear_loop:
  17:   27+7	5208  77      	  ld (hl),a
  18:   34+6	5209  23      	  inc hl
  19:   40+6	520A  0B      	  dec bc
  20:   46+4	520B  78      	  ld a,b
  21:   50+4	520C  B1      	  or c
  22:   54+7+5	520D  20F9    	  jr nz,clear_loop
  23:				
  24:				  ; Display "WHAT IS YOUR NAME? "
  25:   61+10	520F  21003C  	  ld hl,video
  26:   71+10	5212  116D52  	  ld de,prompt
  27:   81+17	5215  CD3952  	  call print_msg
  28:				
  29:				  ; Get input into buffer
  30:   98+10	5218  21133C  	  ld hl,video+19  ; cursor position
  31:  108+10	521B  118952  	  ld de,buffer
  32:  118+17	521E  CD4152  	  call get_keys
  33:				
  34:				  ; Display "HELLO, "
  35:  135+10	5221  21403C  	  ld hl,video+64
  36:  145+10	5224  118152  	  ld de,hello_msg
  37:  155+17	5227  CD3952  	  call print_msg
  38:				
  39:				  ; Display the name
  40:  172+10	522A  21473C  	  ld hl,video+71
  41:  182+10	522D  118952  	  ld de,buffer
  42:  192+17	5230  CD3952  	  call print_msg
  43:				
  44:				  ; Wait a bit then restart
  45:  209+7	5233  0600    	  ld b,0
  46:     -	5235          	wait_loop:
  47:  216+8+5	5235  10FE    	  djnz wait_loop
  48:  224+12	5237  18C7    	  jr main
  49:				
  50:				; Print message from DE to screen at HL
  51:     -	5239          	print_msg:
  52:  236+7	5239  1A      	  ld a,(de)
  53:  243+4	523A  B7      	  or a
  54:  247+5+6	523B  C8      	  ret z
  55:  252+7	523C  77      	  ld (hl),a
  56:  259+6	523D  23      	  inc hl
  57:  265+6	523E  13      	  inc de
  58:  271+12	523F  18F8    	  jr print_msg
  59:				
  60:				; Get keyboard input at screen pos HL, store in buffer at DE
  61:     -	5241          	get_keys:
  62:  283+11	5241  E5      	  push hl
  63:  294+11	5242  D5      	  push de
  64:     -	5243          	input_loop:
  65:				  ; Simple keyboard scan - check keyboard memory
  66:  305+13	5243  3A4038  	  ld a,($3840)   ; keyboard buffer location
  67:  318+4	5246  B7      	  or a
  68:  322+7+5	5247  28FA    	  jr z,input_loop
  69:				  
  70:  329+7	5249  FE0D    	  cp $0d         ; Enter key?
  71:  336+7+5	524B  281B    	  jr z,input_done
  72:				  
  73:				  ; Store and display character
  74:  343+10	524D  D1      	  pop de
  75:  353+11	524E  D5      	  push de
  76:  364+7	524F  12      	  ld (de),a
  77:  371+10	5250  D1      	  pop de
  78:  381+6	5251  13      	  inc de
  79:  387+11	5252  D5      	  push de
  80:				  
  81:  398+10	5253  D1      	  pop de
  82:  408+11	5254  D5      	  push de
  83:  419+10	5255  E1      	  pop hl
  84:  429+11	5256  E5      	  push hl
  85:  440+7	5257  77      	  ld (hl),a
  86:  447+6	5258  23      	  inc hl
  87:  453+11	5259  E5      	  push hl
  88:				  
  89:				  ; Clear keyboard buffer
  90:  464+4	525A  AF      	  xor a
  91:  468+13	525B  324038  	  ld ($3840),a
  92:				  
  93:				  ; Small delay
  94:  481+7	525E  0632    	  ld b,50
  95:     -	5260          	delay:
  96:  488+8+5	5260  10FE    	  djnz delay
  97:				  
  98:  496+10	5262  E1      	  pop hl
  99:  506+10	5263  D1      	  pop de
 100:  516+11	5264  E5      	  push hl
 101:  527+11	5265  D5      	  push de
 102:  538+12	5266  18DB    	  jr input_loop
 103:				
 104:     -	5268          	input_done:
 105:				  ; Null terminate
 106:  550+10	5268  D1      	  pop de
 107:  560+4	5269  AF      	  xor a
 108:  564+7	526A  12      	  ld (de),a
 109:  571+10	526B  E1      	  pop hl
 110:  581+10	526C  C9      	  ret
 111:				
 112:     -	526D  57484154	prompt    defb 'WHAT IS YOUR NAME? ',0
	              20495320
	              594F5552
	              204E414D
	              453F2000
 113:     -	5281  48454C4C	hello_msg defb 'HELLO, ',0
	              4F2C2000
 114:     -	5289 ..529C 00	buffer    defs 20,0
 115:				
 116:     -	5200          	  end main



Statistics:

     4	passes
     0	jr promotions
    13	symbols
   157	bytes



Symbol Table:

buffer          5289      21129
clear_loop      5208      21000
delay           5260      21088
get_keys        5241      21057
hello_msg       5281      21121
input_done      5268      21096
input_loop      5243      21059
kbdport        =3800      14336
main            5200      20992
print_msg       5239      21049
prompt          526D      21101
video          =3C00      15360
wait_loop       5235      21045
